Archive member included to satisfy reference by file (symbol)

/opt/st/stm32cubeide_1.12.0/plugins/com.st.stm32cube.ide.mcu.externaltools.gnu-tools-for-stm32.10.3-2021.10.linux64_1.0.200.202301161003/tools/bin/../lib/gcc/arm-none-eabi/10.3.1/../../../../arm-none-eabi/lib/thumb/v7e-m+fp/hard/libc_nano.a(lib_a-errno.o)
                              ./Core/Src/syscalls.o (__errno)
/opt/st/stm32cubeide_1.12.0/plugins/com.st.stm32cube.ide.mcu.externaltools.gnu-tools-for-stm32.10.3-2021.10.linux64_1.0.200.202301161003/tools/bin/../lib/gcc/arm-none-eabi/10.3.1/../../../../arm-none-eabi/lib/thumb/v7e-m+fp/hard/libc_nano.a(lib_a-exit.o)
                              /opt/st/stm32cubeide_1.12.0/plugins/com.st.stm32cube.ide.mcu.externaltools.gnu-tools-for-stm32.10.3-2021.10.linux64_1.0.200.202301161003/tools/bin/../lib/gcc/arm-none-eabi/10.3.1/../../../../arm-none-eabi/lib/thumb/v7e-m+fp/hard/crt0.o (exit)
/opt/st/stm32cubeide_1.12.0/plugins/com.st.stm32cube.ide.mcu.externaltools.gnu-tools-for-stm32.10.3-2021.10.linux64_1.0.200.202301161003/tools/bin/../lib/gcc/arm-none-eabi/10.3.1/../../../../arm-none-eabi/lib/thumb/v7e-m+fp/hard/libc_nano.a(lib_a-impure.o)
                              /opt/st/stm32cubeide_1.12.0/plugins/com.st.stm32cube.ide.mcu.externaltools.gnu-tools-for-stm32.10.3-2021.10.linux64_1.0.200.202301161003/tools/bin/../lib/gcc/arm-none-eabi/10.3.1/../../../../arm-none-eabi/lib/thumb/v7e-m+fp/hard/libc_nano.a(lib_a-exit.o) (_global_impure_ptr)
/opt/st/stm32cubeide_1.12.0/plugins/com.st.stm32cube.ide.mcu.externaltools.gnu-tools-for-stm32.10.3-2021.10.linux64_1.0.200.202301161003/tools/bin/../lib/gcc/arm-none-eabi/10.3.1/../../../../arm-none-eabi/lib/thumb/v7e-m+fp/hard/libc_nano.a(lib_a-init.o)
                              /opt/st/stm32cubeide_1.12.0/plugins/com.st.stm32cube.ide.mcu.externaltools.gnu-tools-for-stm32.10.3-2021.10.linux64_1.0.200.202301161003/tools/bin/../lib/gcc/arm-none-eabi/10.3.1/../../../../arm-none-eabi/lib/thumb/v7e-m+fp/hard/crt0.o (__libc_init_array)
/opt/st/stm32cubeide_1.12.0/plugins/com.st.stm32cube.ide.mcu.externaltools.gnu-tools-for-stm32.10.3-2021.10.linux64_1.0.200.202301161003/tools/bin/../lib/gcc/arm-none-eabi/10.3.1/../../../../arm-none-eabi/lib/thumb/v7e-m+fp/hard/libc_nano.a(lib_a-memset.o)
                              /opt/st/stm32cubeide_1.12.0/plugins/com.st.stm32cube.ide.mcu.externaltools.gnu-tools-for-stm32.10.3-2021.10.linux64_1.0.200.202301161003/tools/bin/../lib/gcc/arm-none-eabi/10.3.1/../../../../arm-none-eabi/lib/thumb/v7e-m+fp/hard/crt0.o (memset)
/opt/st/stm32cubeide_1.12.0/plugins/com.st.stm32cube.ide.mcu.externaltools.gnu-tools-for-stm32.10.3-2021.10.linux64_1.0.200.202301161003/tools/bin/../lib/gcc/arm-none-eabi/10.3.1/thumb/v7e-m+fp/hard/libgcc.a(_aeabi_uldivmod.o)
                              ./Drivers/STM32F4xx_HAL_Driver/Src/stm32f4xx_hal_rcc.o (__aeabi_uldivmod)
/opt/st/stm32cubeide_1.12.0/plugins/com.st.stm32cube.ide.mcu.externaltools.gnu-tools-for-stm32.10.3-2021.10.linux64_1.0.200.202301161003/tools/bin/../lib/gcc/arm-none-eabi/10.3.1/thumb/v7e-m+fp/hard/libgcc.a(_udivmoddi4.o)
                              /opt/st/stm32cubeide_1.12.0/plugins/com.st.stm32cube.ide.mcu.externaltools.gnu-tools-for-stm32.10.3-2021.10.linux64_1.0.200.202301161003/tools/bin/../lib/gcc/arm-none-eabi/10.3.1/thumb/v7e-m+fp/hard/libgcc.a(_aeabi_uldivmod.o) (__udivmoddi4)
/opt/st/stm32cubeide_1.12.0/plugins/com.st.stm32cube.ide.mcu.externaltools.gnu-tools-for-stm32.10.3-2021.10.linux64_1.0.200.202301161003/tools/bin/../lib/gcc/arm-none-eabi/10.3.1/thumb/v7e-m+fp/hard/libgcc.a(_dvmd_tls.o)
                              /opt/st/stm32cubeide_1.12.0/plugins/com.st.stm32cube.ide.mcu.externaltools.gnu-tools-for-stm32.10.3-2021.10.linux64_1.0.200.202301161003/tools/bin/../lib/gcc/arm-none-eabi/10.3.1/thumb/v7e-m+fp/hard/libgcc.a(_aeabi_uldivmod.o) (__aeabi_ldiv0)

Discarded input sections

 .text          0x0000000000000000        0x0 /opt/st/stm32cubeide_1.12.0/plugins/com.st.stm32cube.ide.mcu.externaltools.gnu-tools-for-stm32.10.3-2021.10.linux64_1.0.200.202301161003/tools/bin/../lib/gcc/arm-none-eabi/10.3.1/thumb/v7e-m+fp/hard/crti.o
 .data          0x0000000000000000        0x0 /opt/st/stm32cubeide_1.12.0/plugins/com.st.stm32cube.ide.mcu.externaltools.gnu-tools-for-stm32.10.3-2021.10.linux64_1.0.200.202301161003/tools/bin/../lib/gcc/arm-none-eabi/10.3.1/thumb/v7e-m+fp/hard/crti.o
 .bss           0x0000000000000000        0x0 /opt/st/stm32cubeide_1.12.0/plugins/com.st.stm32cube.ide.mcu.externaltools.gnu-tools-for-stm32.10.3-2021.10.linux64_1.0.200.202301161003/tools/bin/../lib/gcc/arm-none-eabi/10.3.1/thumb/v7e-m+fp/hard/crti.o
 .data          0x0000000000000000        0x4 /opt/st/stm32cubeide_1.12.0/plugins/com.st.stm32cube.ide.mcu.externaltools.gnu-tools-for-stm32.10.3-2021.10.linux64_1.0.200.202301161003/tools/bin/../lib/gcc/arm-none-eabi/10.3.1/thumb/v7e-m+fp/hard/crtbegin.o
[...]
Memory Configuration

Name             Origin             Length             Attributes
CCMRAM           0x0000000010000000 0x0000000000010000 xrw
RAM              0x0000000020000000 0x0000000000030000 xrw
FLASH            0x0000000008000000 0x0000000000200000 xr
*default*        0x0000000000000000 0xffffffffffffffff

Linker script and memory map

LOAD /opt/st/stm32cubeide_1.12.0/plugins/com.st.stm32cube.ide.mcu.externaltools.gnu-tools-for-stm32.10.3-2021.10.linux64_1.0.200.202301161003/tools/bin/../lib/gcc/arm-none-eabi/10.3.1/thumb/v7e-m+fp/hard/crti.o
LOAD /opt/st/stm32cubeide_1.12.0/plugins/com.st.stm32cube.ide.mcu.externaltools.gnu-tools-for-stm32.10.3-2021.10.linux64_1.0.200.202301161003/tools/bin/../lib/gcc/arm-none-eabi/10.3.1/thumb/v7e-m+fp/hard/crtbegin.o
LOAD /opt/st/stm32cubeide_1.12.0/plugins/com.st.stm32cube.ide.mcu.externaltools.gnu-tools-for-stm32.10.3-2021.10.linux64_1.0.200.202301161003/tools/bin/../lib/gcc/arm-none-eabi/10.3.1/../../../../arm-none-eabi/lib/thumb/v7e-m+fp/hard/crt0.o
LOAD ./Core/Src/eth.o
LOAD ./Core/Src/gpio.o
LOAD ./Core/Src/main.o
LOAD ./Core/Src/stm32f4xx_hal_msp.o
LOAD ./Core/Src/stm32f4xx_it.o
LOAD ./Core/Src/syscalls.o
LOAD ./Core/Src/sysmem.o
LOAD ./Core/Src/system_stm32f4xx.o
LOAD ./Core/Src/usart.o
LOAD ./Core/Src/usb_otg.o
LOAD ./Core/Startup/startup_stm32f439zitx.o
LOAD ./Drivers/STM32F4xx_HAL_Driver/Src/stm32f4xx_hal.o
LOAD ./Drivers/STM32F4xx_HAL_Driver/Src/stm32f4xx_hal_cortex.o
LOAD ./Drivers/STM32F4xx_HAL_Driver/Src/stm32f4xx_hal_dma.o
LOAD ./Drivers/STM32F4xx_HAL_Driver/Src/stm32f4xx_hal_dma_ex.o
LOAD ./Drivers/STM32F4xx_HAL_Driver/Src/stm32f4xx_hal_eth.o
LOAD ./Drivers/STM32F4xx_HAL_Driver/Src/stm32f4xx_hal_exti.o
LOAD ./Drivers/STM32F4xx_HAL_Driver/Src/stm32f4xx_hal_flash.o
LOAD ./Drivers/STM32F4xx_HAL_Driver/Src/stm32f4xx_hal_flash_ex.o
LOAD ./Drivers/STM32F4xx_HAL_Driver/Src/stm32f4xx_hal_flash_ramfunc.o
LOAD ./Drivers/STM32F4xx_HAL_Driver/Src/stm32f4xx_hal_gpio.o
LOAD ./Drivers/STM32F4xx_HAL_Driver/Src/stm32f4xx_hal_pcd.o
LOAD ./Drivers/STM32F4xx_HAL_Driver/Src/stm32f4xx_hal_pcd_ex.o
LOAD ./Drivers/STM32F4xx_HAL_Driver/Src/stm32f4xx_hal_pwr.o
LOAD ./Drivers/STM32F4xx_HAL_Driver/Src/stm32f4xx_hal_pwr_ex.o
LOAD ./Drivers/STM32F4xx_HAL_Driver/Src/stm32f4xx_hal_rcc.o
LOAD ./Drivers/STM32F4xx_HAL_Driver/Src/stm32f4xx_hal_rcc_ex.o
LOAD ./Drivers/STM32F4xx_HAL_Driver/Src/stm32f4xx_hal_tim.o
LOAD ./Drivers/STM32F4xx_HAL_Driver/Src/stm32f4xx_hal_tim_ex.o
LOAD ./Drivers/STM32F4xx_HAL_Driver/Src/stm32f4xx_hal_uart.o
LOAD ./Drivers/STM32F4xx_HAL_Driver/Src/stm32f4xx_ll_usb.o
START GROUP
LOAD /opt/st/stm32cubeide_1.12.0/plugins/com.st.stm32cube.ide.mcu.externaltools.gnu-tools-for-stm32.10.3-2021.10.linux64_1.0.200.202301161003/tools/bin/../lib/gcc/arm-none-eabi/10.3.1/../../../../arm-none-eabi/lib/thumb/v7e-m+fp/hard/libc_nano.a
LOAD /opt/st/stm32cubeide_1.12.0/plugins/com.st.stm32cube.ide.mcu.externaltools.gnu-tools-for-stm32.10.3-2021.10.linux64_1.0.200.202301161003/tools/bin/../lib/gcc/arm-none-eabi/10.3.1/../../../../arm-none-eabi/lib/thumb/v7e-m+fp/hard/libm.a
END GROUP
START GROUP
LOAD /opt/st/stm32cubeide_1.12.0/plugins/com.st.stm32cube.ide.mcu.externaltools.gnu-tools-for-stm32.10.3-2021.10.linux64_1.0.200.202301161003/tools/bin/../lib/gcc/arm-none-eabi/10.3.1/thumb/v7e-m+fp/hard/libgcc.a
LOAD /opt/st/stm32cubeide_1.12.0/plugins/com.st.stm32cube.ide.mcu.externaltools.gnu-tools-for-stm32.10.3-2021.10.linux64_1.0.200.202301161003/tools/bin/../lib/gcc/arm-none-eabi/10.3.1/../../../../arm-none-eabi/lib/thumb/v7e-m+fp/hard/libc_nano.a
END GROUP
START GROUP
LOAD /opt/st/stm32cubeide_1.12.0/plugins/com.st.stm32cube.ide.mcu.externaltools.gnu-tools-for-stm32.10.3-2021.10.linux64_1.0.200.202301161003/tools/bin/../lib/gcc/arm-none-eabi/10.3.1/thumb/v7e-m+fp/hard/libgcc.a
LOAD /opt/st/stm32cubeide_1.12.0/plugins/com.st.stm32cube.ide.mcu.externaltools.gnu-tools-for-stm32.10.3-2021.10.linux64_1.0.200.202301161003/tools/bin/../lib/gcc/arm-none-eabi/10.3.1/../../../../arm-none-eabi/lib/thumb/v7e-m+fp/hard/libc_nano.a
LOAD /opt/st/stm32cubeide_1.12.0/plugins/com.st.stm32cube.ide.mcu.externaltools.gnu-tools-for-stm32.10.3-2021.10.linux64_1.0.200.202301161003/tools/bin/../lib/gcc/arm-none-eabi/10.3.1/../../../../arm-none-eabi/lib/thumb/v7e-m+fp/hard/libnosys.a
END GROUP
START GROUP
LOAD /opt/st/stm32cubeide_1.12.0/plugins/com.st.stm32cube.ide.mcu.externaltools.gnu-tools-for-stm32.10.3-2021.10.linux64_1.0.200.202301161003/tools/bin/../lib/gcc/arm-none-eabi/10.3.1/thumb/v7e-m+fp/hard/libgcc.a
LOAD /opt/st/stm32cubeide_1.12.0/plugins/com.st.stm32cube.ide.mcu.externaltools.gnu-tools-for-stm32.10.3-2021.10.linux64_1.0.200.202301161003/tools/bin/../lib/gcc/arm-none-eabi/10.3.1/../../../../arm-none-eabi/lib/thumb/v7e-m+fp/hard/libc_nano.a
LOAD /opt/st/stm32cubeide_1.12.0/plugins/com.st.stm32cube.ide.mcu.externaltools.gnu-tools-for-stm32.10.3-2021.10.linux64_1.0.200.202301161003/tools/bin/../lib/gcc/arm-none-eabi/10.3.1/../../../../arm-none-eabi/lib/thumb/v7e-m+fp/hard/libnosys.a
END GROUP
LOAD /opt/st/stm32cubeide_1.12.0/plugins/com.st.stm32cube.ide.mcu.externaltools.gnu-tools-for-stm32.10.3-2021.10.linux64_1.0.200.202301161003/tools/bin/../lib/gcc/arm-none-eabi/10.3.1/thumb/v7e-m+fp/hard/crtend.o
LOAD /opt/st/stm32cubeide_1.12.0/plugins/com.st.stm32cube.ide.mcu.externaltools.gnu-tools-for-stm32.10.3-2021.10.linux64_1.0.200.202301161003/tools/bin/../lib/gcc/arm-none-eabi/10.3.1/thumb/v7e-m+fp/hard/crtn.o
                0x0000000020030000                _estack = (ORIGIN (RAM) + LENGTH (RAM))
                0x0000000000000200                _Min_Heap_Size = 0x200
                0x0000000000000400                _Min_Stack_Size = 0x400

.isr_vector     0x0000000008000000      0x1ac
                0x0000000008000000                . = ALIGN (0x4)
 *(.isr_vector)
 .isr_vector    0x0000000008000000      0x1ac ./Core/Startup/startup_stm32f439zitx.o
                0x0000000008000000                g_pfnVectors
                0x00000000080001ac                . = ALIGN (0x4)

.text           0x00000000080001ac     0x3050
                0x00000000080001ac                . = ALIGN (0x4)
 *(.text)
 .text          0x00000000080001ac       0x40 /opt/st/stm32cubeide_1.12.0/plugins/com.st.stm32cube.ide.mcu.externaltools.gnu-tools-for-stm32.10.3-2021.10.linux64_1.0.200.202301161003/tools/bin/../lib/gcc/arm-none-eabi/10.3.1/thumb/v7e-m+fp/hard/crtbegin.o
 .text          0x00000000080001ec       0x30 /opt/st/stm32cubeide_1.12.0/plugins/com.st.stm32cube.ide.mcu.externaltools.gnu-tools-for-stm32.10.3-2021.10.linux64_1.0.200.202301161003/tools/bin/../lib/gcc/arm-none-eabi/10.3.1/thumb/v7e-m+fp/hard/libgcc.a(_aeabi_uldivmod.o)
                0x00000000080001ec                __aeabi_uldivmod
 .text          0x000000000800021c      0x2d0 /opt/st/stm32cubeide_1.12.0/plugins/com.st.stm32cube.ide.mcu.externaltools.gnu-tools-for-stm32.10.3-2021.10.linux64_1.0.200.202301161003/tools/bin/../lib/gcc/arm-none-eabi/10.3.1/thumb/v7e-m+fp/hard/libgcc.a(_udivmoddi4.o)
                0x000000000800021c                __udivmoddi4
 .text          0x00000000080004ec        0x4 /opt/st/stm32cubeide_1.12.0/plugins/com.st.stm32cube.ide.mcu.externaltools.gnu-tools-for-stm32.10.3-2021.10.linux64_1.0.200.202301161003/tools/bin/../lib/gcc/arm-none-eabi/10.3.1/thumb/v7e-m+fp/hard/libgcc.a(_dvmd_tls.o)
                0x00000000080004ec                __aeabi_ldiv0
                0x00000000080004ec                __aeabi_idiv0
 *(.text*)
 .text.MX_ETH_Init
                0x00000000080004f0       0x9c ./Core/Src/eth.o
                0x00000000080004f0                MX_ETH_Init
 .text.HAL_ETH_MspInit
                0x000000000800058c      0x18c ./Core/Src/eth.o
                0x000000000800058c                HAL_ETH_MspInit
 .text.MX_GPIO_Init
                0x0000000008000718      0x258 ./Core/Src/gpio.o
                0x0000000008000718                MX_GPIO_Init
 .text.main     0x0000000008000970       0x34 ./Core/Src/main.o
                0x0000000008000970                main
 .text.SystemClock_Config
                0x00000000080009a4       0xd4 ./Core/Src/main.o
                0x00000000080009a4                SystemClock_Config
 .text.Error_Handler
                0x0000000008000a78        0xa ./Core/Src/main.o
                0x0000000008000a78                Error_Handler
 *fill*         0x0000000008000a82        0x2 
 .text.HAL_MspInit
                0x0000000008000a84       0x50 ./Core/Src/stm32f4xx_hal_msp.o
                0x0000000008000a84                HAL_MspInit
 .text.NMI_Handler
                0x0000000008000ad4        0x6 ./Core/Src/stm32f4xx_it.o
                0x0000000008000ad4                NMI_Handler
 .text.HardFault_Handler
                0x0000000008000ada        0x6 ./Core/Src/stm32f4xx_it.o
                0x0000000008000ada                HardFault_Handler
 .text.MemManage_Handler
                0x0000000008000ae0        0x6 ./Core/Src/stm32f4xx_it.o
                0x0000000008000ae0                MemManage_Handler
 .text.BusFault_Handler
                0x0000000008000ae6        0x6 ./Core/Src/stm32f4xx_it.o
                0x0000000008000ae6                BusFault_Handler
 .text.UsageFault_Handler
                0x0000000008000aec        0x6 ./Core/Src/stm32f4xx_it.o
                0x0000000008000aec                UsageFault_Handler
 .text.SVC_Handler
                0x0000000008000af2        0xe ./Core/Src/stm32f4xx_it.o
                0x0000000008000af2                SVC_Handler
 .text.DebugMon_Handler
                0x0000000008000b00        0xe ./Core/Src/stm32f4xx_it.o
                0x0000000008000b00                DebugMon_Handler
 .text.PendSV_Handler
                0x0000000008000b0e        0xe ./Core/Src/stm32f4xx_it.o
                0x0000000008000b0e                PendSV_Handler
 .text.SysTick_Handler
                0x0000000008000b1c        0xc ./Core/Src/stm32f4xx_it.o
                0x0000000008000b1c                SysTick_Handler
 .text.SystemInit
                0x0000000008000b28       0x24 ./Core/Src/system_stm32f4xx.o
                0x0000000008000b28                SystemInit
 .text.MX_USART3_UART_Init
                0x0000000008000b4c       0x54 ./Core/Src/usart.o
                0x0000000008000b4c                MX_USART3_UART_Init
 .text.HAL_UART_MspInit
                0x0000000008000ba0       0x90 ./Core/Src/usart.o
                0x0000000008000ba0                HAL_UART_MspInit
 .text.MX_USB_OTG_FS_PCD_Init
                0x0000000008000c30       0x5c ./Core/Src/usb_otg.o
                0x0000000008000c30                MX_USB_OTG_FS_PCD_Init
 .text.HAL_PCD_MspInit
                0x0000000008000c8c       0xb4 ./Core/Src/usb_otg.o
                0x0000000008000c8c                HAL_PCD_MspInit
 .text.Reset_Handler
                0x0000000008000d40       0x50 ./Core/Startup/startup_stm32f439zitx.o
                0x0000000008000d40                Reset_Handler
 .text.Default_Handler
                0x0000000008000d90        0x2 ./Core/Startup/startup_stm32f439zitx.o
                0x0000000008000d90                RTC_Alarm_IRQHandler
                0x0000000008000d90                HASH_RNG_IRQHandler
                0x0000000008000d90                EXTI2_IRQHandler
                0x0000000008000d90                TIM8_CC_IRQHandler
                0x0000000008000d90                UART8_IRQHandler
                0x0000000008000d90                SPI4_IRQHandler
                0x0000000008000d90                TIM1_CC_IRQHandler
                0x0000000008000d90                DMA2_Stream5_IRQHandler
                0x0000000008000d90                DMA1_Stream5_IRQHandler
                0x0000000008000d90                PVD_IRQHandler
                0x0000000008000d90                SDIO_IRQHandler
                0x0000000008000d90                TAMP_STAMP_IRQHandler
                0x0000000008000d90                CAN2_RX1_IRQHandler
                0x0000000008000d90                EXTI3_IRQHandler
                0x0000000008000d90                TIM8_TRG_COM_TIM14_IRQHandler
                0x0000000008000d90                TIM1_UP_TIM10_IRQHandler
                0x0000000008000d90                TIM8_UP_TIM13_IRQHandler
                0x0000000008000d90                I2C3_ER_IRQHandler
                0x0000000008000d90                EXTI0_IRQHandler
                0x0000000008000d90                I2C2_EV_IRQHandler
                0x0000000008000d90                DMA1_Stream2_IRQHandler
                0x0000000008000d90                CAN1_RX0_IRQHandler
                0x0000000008000d90                FPU_IRQHandler
                0x0000000008000d90                OTG_HS_WKUP_IRQHandler
                0x0000000008000d90                LTDC_ER_IRQHandler
                0x0000000008000d90                CAN2_SCE_IRQHandler
                0x0000000008000d90                DMA2_Stream2_IRQHandler
                0x0000000008000d90                SPI1_IRQHandler
                0x0000000008000d90                TIM6_DAC_IRQHandler
                0x0000000008000d90                TIM1_BRK_TIM9_IRQHandler
                0x0000000008000d90                DCMI_IRQHandler
                0x0000000008000d90                CAN2_RX0_IRQHandler
                0x0000000008000d90                DMA2_Stream3_IRQHandler
                0x0000000008000d90                USART6_IRQHandler
                0x0000000008000d90                USART3_IRQHandler
                0x0000000008000d90                CRYP_IRQHandler
                0x0000000008000d90                CAN1_RX1_IRQHandler
                0x0000000008000d90                UART5_IRQHandler
                0x0000000008000d90                DMA2_Stream0_IRQHandler
                0x0000000008000d90                TIM4_IRQHandler
                0x0000000008000d90                I2C1_EV_IRQHandler
                0x0000000008000d90                DMA1_Stream6_IRQHandler
                0x0000000008000d90                DMA1_Stream1_IRQHandler
                0x0000000008000d90                UART4_IRQHandler
                0x0000000008000d90                TIM3_IRQHandler
                0x0000000008000d90                RCC_IRQHandler
                0x0000000008000d90                TIM8_BRK_TIM12_IRQHandler
                0x0000000008000d90                Default_Handler
                0x0000000008000d90                EXTI15_10_IRQHandler
                0x0000000008000d90                ADC_IRQHandler
                0x0000000008000d90                DMA1_Stream7_IRQHandler
                0x0000000008000d90                SPI5_IRQHandler
                0x0000000008000d90                TIM7_IRQHandler
                0x0000000008000d90                CAN2_TX_IRQHandler
                0x0000000008000d90                TIM5_IRQHandler
                0x0000000008000d90                DMA2_Stream7_IRQHandler
                0x0000000008000d90                I2C3_EV_IRQHandler
                0x0000000008000d90                EXTI9_5_IRQHandler
                0x0000000008000d90                RTC_WKUP_IRQHandler
                0x0000000008000d90                LTDC_IRQHandler
                0x0000000008000d90                ETH_WKUP_IRQHandler
                0x0000000008000d90                SPI2_IRQHandler
                0x0000000008000d90                OTG_HS_EP1_IN_IRQHandler
                0x0000000008000d90                DMA1_Stream0_IRQHandler
                0x0000000008000d90                CAN1_TX_IRQHandler
                0x0000000008000d90                EXTI4_IRQHandler
                0x0000000008000d90                ETH_IRQHandler
                0x0000000008000d90                OTG_HS_EP1_OUT_IRQHandler
                0x0000000008000d90                WWDG_IRQHandler
                0x0000000008000d90                SPI6_IRQHandler
                0x0000000008000d90                TIM2_IRQHandler
                0x0000000008000d90                OTG_FS_WKUP_IRQHandler
                0x0000000008000d90                TIM1_TRG_COM_TIM11_IRQHandler
                0x0000000008000d90                OTG_HS_IRQHandler
                0x0000000008000d90                DMA2D_IRQHandler
                0x0000000008000d90                EXTI1_IRQHandler
                0x0000000008000d90                UART7_IRQHandler
                0x0000000008000d90                USART2_IRQHandler
                0x0000000008000d90                I2C2_ER_IRQHandler
                0x0000000008000d90                DMA2_Stream1_IRQHandler
                0x0000000008000d90                CAN1_SCE_IRQHandler
                0x0000000008000d90                FLASH_IRQHandler
                0x0000000008000d90                DMA2_Stream4_IRQHandler
                0x0000000008000d90                USART1_IRQHandler
                0x0000000008000d90                OTG_FS_IRQHandler
                0x0000000008000d90                SPI3_IRQHandler
                0x0000000008000d90                DMA1_Stream4_IRQHandler
                0x0000000008000d90                I2C1_ER_IRQHandler
                0x0000000008000d90                FMC_IRQHandler
                0x0000000008000d90                DMA2_Stream6_IRQHandler
                0x0000000008000d90                SAI1_IRQHandler
                0x0000000008000d90                DMA1_Stream3_IRQHandler
 *fill*         0x0000000008000d92        0x2 
 .text.HAL_Init
                0x0000000008000d94       0x44 ./Drivers/STM32F4xx_HAL_Driver/Src/stm32f4xx_hal.o
                0x0000000008000d94                HAL_Init
 .text.HAL_InitTick
                0x0000000008000dd8       0x60 ./Drivers/STM32F4xx_HAL_Driver/Src/stm32f4xx_hal.o
                0x0000000008000dd8                HAL_InitTick
 .text.HAL_IncTick
                0x0000000008000e38       0x28 ./Drivers/STM32F4xx_HAL_Driver/Src/stm32f4xx_hal.o
                0x0000000008000e38                HAL_IncTick
 .text.HAL_GetTick
                0x0000000008000e60       0x18 ./Drivers/STM32F4xx_HAL_Driver/Src/stm32f4xx_hal.o
                0x0000000008000e60                HAL_GetTick
 .text.HAL_Delay
                0x0000000008000e78       0x48 ./Drivers/STM32F4xx_HAL_Driver/Src/stm32f4xx_hal.o
                0x0000000008000e78                HAL_Delay
 .text.__NVIC_SetPriorityGrouping
                0x0000000008000ec0       0x48 ./Drivers/STM32F4xx_HAL_Driver/Src/stm32f4xx_hal_cortex.o
 .text.__NVIC_GetPriorityGrouping
                0x0000000008000f08       0x1c ./Drivers/STM32F4xx_HAL_Driver/Src/stm32f4xx_hal_cortex.o
 .text.__NVIC_SetPriority
                0x0000000008000f24       0x54 ./Drivers/STM32F4xx_HAL_Driver/Src/stm32f4xx_hal_cortex.o
 .text.NVIC_EncodePriority
                0x0000000008000f78       0x66 ./Drivers/STM32F4xx_HAL_Driver/Src/stm32f4xx_hal_cortex.o
 *fill*         0x0000000008000fde        0x2 
 .text.SysTick_Config
                0x0000000008000fe0       0x44 ./Drivers/STM32F4xx_HAL_Driver/Src/stm32f4xx_hal_cortex.o
 .text.HAL_NVIC_SetPriorityGrouping
                0x0000000008001024       0x16 ./Drivers/STM32F4xx_HAL_Driver/Src/stm32f4xx_hal_cortex.o
                0x0000000008001024                HAL_NVIC_SetPriorityGrouping
 .text.HAL_NVIC_SetPriority
                0x000000000800103a       0x38 ./Drivers/STM32F4xx_HAL_Driver/Src/stm32f4xx_hal_cortex.o
                0x000000000800103a                HAL_NVIC_SetPriority
 .text.HAL_SYSTICK_Config
                0x0000000008001072       0x18 ./Drivers/STM32F4xx_HAL_Driver/Src/stm32f4xx_hal_cortex.o
                0x0000000008001072                HAL_SYSTICK_Config
 *fill*         0x000000000800108a        0x2 
 .text.HAL_ETH_Init
                0x000000000800108c       0xfc ./Drivers/STM32F4xx_HAL_Driver/Src/stm32f4xx_hal_eth.o
                0x000000000800108c                HAL_ETH_Init
 .text.ETH_SetMACConfig
                0x0000000008001188      0x160 ./Drivers/STM32F4xx_HAL_Driver/Src/stm32f4xx_hal_eth.o
 .text.ETH_SetDMAConfig
                0x00000000080012e8      0x114 ./Drivers/STM32F4xx_HAL_Driver/Src/stm32f4xx_hal_eth.o
 .text.ETH_MACDMAConfig
                0x00000000080013fc       0xe4 ./Drivers/STM32F4xx_HAL_Driver/Src/stm32f4xx_hal_eth.o
 .text.ETH_MACAddressConfig
                0x00000000080014e0       0x70 ./Drivers/STM32F4xx_HAL_Driver/Src/stm32f4xx_hal_eth.o
 .text.ETH_DMATxDescListInit
                0x0000000008001550       0xb2 ./Drivers/STM32F4xx_HAL_Driver/Src/stm32f4xx_hal_eth.o
 .text.ETH_DMARxDescListInit
                0x0000000008001602       0xda ./Drivers/STM32F4xx_HAL_Driver/Src/stm32f4xx_hal_eth.o
 .text.HAL_GPIO_Init
                0x00000000080016dc      0x358 ./Drivers/STM32F4xx_HAL_Driver/Src/stm32f4xx_hal_gpio.o
                0x00000000080016dc                HAL_GPIO_Init
 .text.HAL_GPIO_WritePin
                0x0000000008001a34       0x32 ./Drivers/STM32F4xx_HAL_Driver/Src/stm32f4xx_hal_gpio.o
                0x0000000008001a34                HAL_GPIO_WritePin
 .text.HAL_GPIO_TogglePin
                0x0000000008001a66       0x34 ./Drivers/STM32F4xx_HAL_Driver/Src/stm32f4xx_hal_gpio.o
                0x0000000008001a66                HAL_GPIO_TogglePin
 .text.HAL_PCD_Init
                0x0000000008001a9a      0x23a ./Drivers/STM32F4xx_HAL_Driver/Src/stm32f4xx_hal_pcd.o
                0x0000000008001a9a                HAL_PCD_Init
 .text.HAL_RCC_OscConfig
                0x0000000008001cd4      0x4f0 ./Drivers/STM32F4xx_HAL_Driver/Src/stm32f4xx_hal_rcc.o
                0x0000000008001cd4                HAL_RCC_OscConfig
 .text.HAL_RCC_ClockConfig
                0x00000000080021c4      0x1cc ./Drivers/STM32F4xx_HAL_Driver/Src/stm32f4xx_hal_rcc.o
                0x00000000080021c4                HAL_RCC_ClockConfig
 .text.HAL_RCC_GetSysClockFreq
                0x0000000008002390      0x20c ./Drivers/STM32F4xx_HAL_Driver/Src/stm32f4xx_hal_rcc.o
                0x0000000008002390                HAL_RCC_GetSysClockFreq
 .text.HAL_RCC_GetHCLKFreq
                0x000000000800259c       0x18 ./Drivers/STM32F4xx_HAL_Driver/Src/stm32f4xx_hal_rcc.o
                0x000000000800259c                HAL_RCC_GetHCLKFreq
 .text.HAL_RCC_GetPCLK1Freq
                0x00000000080025b4       0x28 ./Drivers/STM32F4xx_HAL_Driver/Src/stm32f4xx_hal_rcc.o
                0x00000000080025b4                HAL_RCC_GetPCLK1Freq
 .text.HAL_RCC_GetPCLK2Freq
                0x00000000080025dc       0x28 ./Drivers/STM32F4xx_HAL_Driver/Src/stm32f4xx_hal_rcc.o
                0x00000000080025dc                HAL_RCC_GetPCLK2Freq
 .text.HAL_UART_Init
                0x0000000008002604       0x9a ./Drivers/STM32F4xx_HAL_Driver/Src/stm32f4xx_hal_uart.o
                0x0000000008002604                HAL_UART_Init
 *fill*         0x000000000800269e        0x2 
 .text.UART_SetConfig
                0x00000000080026a0      0x4e8 ./Drivers/STM32F4xx_HAL_Driver/Src/stm32f4xx_hal_uart.o
 .text.USB_CoreInit
                0x0000000008002b88       0xc2 ./Drivers/STM32F4xx_HAL_Driver/Src/stm32f4xx_ll_usb.o
                0x0000000008002b88                USB_CoreInit
 .text.USB_DisableGlobalInt
                0x0000000008002c4a       0x22 ./Drivers/STM32F4xx_HAL_Driver/Src/stm32f4xx_ll_usb.o
                0x0000000008002c4a                USB_DisableGlobalInt
 .text.USB_SetCurrentMode
                0x0000000008002c6c       0x98 ./Drivers/STM32F4xx_HAL_Driver/Src/stm32f4xx_ll_usb.o
                0x0000000008002c6c                USB_SetCurrentMode
 .text.USB_DevInit
                0x0000000008002d04      0x2c8 ./Drivers/STM32F4xx_HAL_Driver/Src/stm32f4xx_ll_usb.o
                0x0000000008002d04                USB_DevInit
 .text.USB_FlushTxFifo
                0x0000000008002fcc       0x68 ./Drivers/STM32F4xx_HAL_Driver/Src/stm32f4xx_ll_usb.o
                0x0000000008002fcc                USB_FlushTxFifo
 .text.USB_FlushRxFifo
                0x0000000008003034       0x60 ./Drivers/STM32F4xx_HAL_Driver/Src/stm32f4xx_ll_usb.o
                0x0000000008003034                USB_FlushRxFifo
 .text.USB_SetDevSpeed
                0x0000000008003094       0x32 ./Drivers/STM32F4xx_HAL_Driver/Src/stm32f4xx_ll_usb.o
                0x0000000008003094                USB_SetDevSpeed
 .text.USB_DevDisconnect
                0x00000000080030c6       0x42 ./Drivers/STM32F4xx_HAL_Driver/Src/stm32f4xx_ll_usb.o
                0x00000000080030c6                USB_DevDisconnect
 .text.USB_GetMode
                0x0000000008003108       0x1c ./Drivers/STM32F4xx_HAL_Driver/Src/stm32f4xx_ll_usb.o
                0x0000000008003108                USB_GetMode
 .text.USB_CoreReset
                0x0000000008003124       0x68 ./Drivers/STM32F4xx_HAL_Driver/Src/stm32f4xx_ll_usb.o
 .text.__libc_init_array
                0x000000000800318c       0x48 /opt/st/stm32cubeide_1.12.0/plugins/com.st.stm32cube.ide.mcu.externaltools.gnu-tools-for-stm32.10.3-2021.10.linux64_1.0.200.202301161003/tools/bin/../lib/gcc/arm-none-eabi/10.3.1/../../../../arm-none-eabi/lib/thumb/v7e-m+fp/hard/libc_nano.a(lib_a-init.o)
                0x000000000800318c                __libc_init_array
 .text.memset   0x00000000080031d4       0x10 /opt/st/stm32cubeide_1.12.0/plugins/com.st.stm32cube.ide.mcu.externaltools.gnu-tools-for-stm32.10.3-2021.10.linux64_1.0.200.202301161003/tools/bin/../lib/gcc/arm-none-eabi/10.3.1/../../../../arm-none-eabi/lib/thumb/v7e-m+fp/hard/libc_nano.a(lib_a-memset.o)
                0x00000000080031d4                memset
 *(.glue_7)
 .glue_7        0x00000000080031e4        0x0 linker stubs
 *(.glue_7t)
 .glue_7t       0x00000000080031e4        0x0 linker stubs
 *(.eh_frame)
 .eh_frame      0x00000000080031e4        0x0 /opt/st/stm32cubeide_1.12.0/plugins/com.st.stm32cube.ide.mcu.externaltools.gnu-tools-for-stm32.10.3-2021.10.linux64_1.0.200.202301161003/tools/bin/../lib/gcc/arm-none-eabi/10.3.1/thumb/v7e-m+fp/hard/crtbegin.o
 *(.init)
 .init          0x00000000080031e4        0x4 /opt/st/stm32cubeide_1.12.0/plugins/com.st.stm32cube.ide.mcu.externaltools.gnu-tools-for-stm32.10.3-2021.10.linux64_1.0.200.202301161003/tools/bin/../lib/gcc/arm-none-eabi/10.3.1/thumb/v7e-m+fp/hard/crti.o
                0x00000000080031e4                _init
 .init          0x00000000080031e8        0x8 /opt/st/stm32cubeide_1.12.0/plugins/com.st.stm32cube.ide.mcu.externaltools.gnu-tools-for-stm32.10.3-2021.10.linux64_1.0.200.202301161003/tools/bin/../lib/gcc/arm-none-eabi/10.3.1/thumb/v7e-m+fp/hard/crtn.o
 *(.fini)
 .fini          0x00000000080031f0        0x4 /opt/st/stm32cubeide_1.12.0/plugins/com.st.stm32cube.ide.mcu.externaltools.gnu-tools-for-stm32.10.3-2021.10.linux64_1.0.200.202301161003/tools/bin/../lib/gcc/arm-none-eabi/10.3.1/thumb/v7e-m+fp/hard/crti.o
                0x00000000080031f0                _fini
 .fini          0x00000000080031f4        0x8 /opt/st/stm32cubeide_1.12.0/plugins/com.st.stm32cube.ide.mcu.externaltools.gnu-tools-for-stm32.10.3-2021.10.linux64_1.0.200.202301161003/tools/bin/../lib/gcc/arm-none-eabi/10.3.1/thumb/v7e-m+fp/hard/crtn.o
                0x00000000080031fc                . = ALIGN (0x4)
                0x00000000080031fc                _etext = .

.vfp11_veneer   0x00000000080031fc        0x0
 .vfp11_veneer  0x00000000080031fc        0x0 linker stubs

.v4_bx          0x00000000080031fc        0x0
 .v4_bx         0x00000000080031fc        0x0 linker stubs

.iplt           0x00000000080031fc        0x0
 .iplt          0x00000000080031fc        0x0 /opt/st/stm32cubeide_1.12.0/plugins/com.st.stm32cube.ide.mcu.externaltools.gnu-tools-for-stm32.10.3-2021.10.linux64_1.0.200.202301161003/tools/bin/../lib/gcc/arm-none-eabi/10.3.1/thumb/v7e-m+fp/hard/crtbegin.o

.rodata         0x00000000080031fc       0x18
                0x00000000080031fc                . = ALIGN (0x4)
 *(.rodata)
 *(.rodata*)
 .rodata.AHBPrescTable
                0x00000000080031fc       0x10 ./Core/Src/system_stm32f4xx.o
                0x00000000080031fc                AHBPrescTable
 .rodata.APBPrescTable
                0x000000000800320c        0x8 ./Core/Src/system_stm32f4xx.o
                0x000000000800320c                APBPrescTable
                0x0000000008003214                . = ALIGN (0x4)

.ARM.extab      0x0000000008003214        0x0
                0x0000000008003214                . = ALIGN (0x4)
 *(.ARM.extab* .gnu.linkonce.armextab.*)
                0x0000000008003214                . = ALIGN (0x4)

.ARM            0x0000000008003214        0x8
                0x0000000008003214                . = ALIGN (0x4)
                0x0000000008003214                __exidx_start = .
 *(.ARM.exidx*)
 .ARM.exidx     0x0000000008003214        0x8 /opt/st/stm32cubeide_1.12.0/plugins/com.st.stm32cube.ide.mcu.externaltools.gnu-tools-for-stm32.10.3-2021.10.linux64_1.0.200.202301161003/tools/bin/../lib/gcc/arm-none-eabi/10.3.1/thumb/v7e-m+fp/hard/libgcc.a(_udivmoddi4.o)
                0x000000000800321c                __exidx_end = .
                0x000000000800321c                . = ALIGN (0x4)

.rel.dyn        0x000000000800321c        0x0
 .rel.iplt      0x000000000800321c        0x0 /opt/st/stm32cubeide_1.12.0/plugins/com.st.stm32cube.ide.mcu.externaltools.gnu-tools-for-stm32.10.3-2021.10.linux64_1.0.200.202301161003/tools/bin/../lib/gcc/arm-none-eabi/10.3.1/thumb/v7e-m+fp/hard/crtbegin.o

.preinit_array  0x000000000800321c        0x0
                0x000000000800321c                . = ALIGN (0x4)
                0x000000000800321c                PROVIDE (__preinit_array_start = .)
 *(.preinit_array*)
                0x000000000800321c                PROVIDE (__preinit_array_end = .)
                0x000000000800321c                . = ALIGN (0x4)

.init_array     0x000000000800321c        0x4
                0x000000000800321c                . = ALIGN (0x4)
                0x000000000800321c                PROVIDE (__init_array_start = .)
 *(SORT_BY_NAME(.init_array.*))
 *(.init_array*)
 .init_array    0x000000000800321c        0x4 /opt/st/stm32cubeide_1.12.0/plugins/com.st.stm32cube.ide.mcu.externaltools.gnu-tools-for-stm32.10.3-2021.10.linux64_1.0.200.202301161003/tools/bin/../lib/gcc/arm-none-eabi/10.3.1/thumb/v7e-m+fp/hard/crtbegin.o
                0x0000000008003220                PROVIDE (__init_array_end = .)
                0x0000000008003220                . = ALIGN (0x4)

.fini_array     0x0000000008003220        0x4
                0x0000000008003220                . = ALIGN (0x4)
                [!provide]                        PROVIDE (__fini_array_start = .)
 *(SORT_BY_NAME(.fini_array.*))
 *(.fini_array*)
 .fini_array    0x0000000008003220        0x4 /opt/st/stm32cubeide_1.12.0/plugins/com.st.stm32cube.ide.mcu.externaltools.gnu-tools-for-stm32.10.3-2021.10.linux64_1.0.200.202301161003/tools/bin/../lib/gcc/arm-none-eabi/10.3.1/thumb/v7e-m+fp/hard/crtbegin.o
                [!provide]                        PROVIDE (__fini_array_end = .)
                0x0000000008003224                . = ALIGN (0x4)
                0x0000000008003224                _sidata = LOADADDR (.data)

.data           0x0000000020000000        0xc load address 0x0000000008003224
                0x0000000020000000                . = ALIGN (0x4)
                0x0000000020000000                _sdata = .
 *(.data)
 *(.data*)
 .data.SystemCoreClock
                0x0000000020000000        0x4 ./Core/Src/system_stm32f4xx.o
                0x0000000020000000                SystemCoreClock
 .data.uwTickPrio
                0x0000000020000004        0x4 ./Drivers/STM32F4xx_HAL_Driver/Src/stm32f4xx_hal.o
                0x0000000020000004                uwTickPrio
 .data.uwTickFreq
                0x0000000020000008        0x1 ./Drivers/STM32F4xx_HAL_Driver/Src/stm32f4xx_hal.o
                0x0000000020000008                uwTickFreq
 *(.RamFunc)
 *(.RamFunc*)
                0x000000002000000c                . = ALIGN (0x4)
 *fill*         0x0000000020000009        0x3 
                0x000000002000000c                _edata = .
                0x0000000008003230                _siccmram = LOADADDR (.ccmram)

.igot.plt       0x000000002000000c        0x0 load address 0x0000000008003230
 .igot.plt      0x000000002000000c        0x0 /opt/st/stm32cubeide_1.12.0/plugins/com.st.stm32cube.ide.mcu.externaltools.gnu-tools-for-stm32.10.3-2021.10.linux64_1.0.200.202301161003/tools/bin/../lib/gcc/arm-none-eabi/10.3.1/thumb/v7e-m+fp/hard/crtbegin.o

.ccmram         0x0000000010000000        0x0 load address 0x0000000008003230
                0x0000000010000000                . = ALIGN (0x4)
                0x0000000010000000                _sccmram = .
 *(.ccmram)
 *(.ccmram*)
                0x0000000010000000                . = ALIGN (0x4)
                0x0000000010000000                _eccmram = .
                0x0000000010000000                . = ALIGN (0x4)

.bss            0x000000002000000c      0x7a0
                0x000000002000000c                _sbss = .
                0x000000002000000c                __bss_start__ = _sbss
 *(.bss)
 .bss           0x000000002000000c       0x1c /opt/st/stm32cubeide_1.12.0/plugins/com.st.stm32cube.ide.mcu.externaltools.gnu-tools-for-stm32.10.3-2021.10.linux64_1.0.200.202301161003/tools/bin/../lib/gcc/arm-none-eabi/10.3.1/thumb/v7e-m+fp/hard/crtbegin.o
 *(.bss*)
 .bss.DMARxDscrTab
                0x0000000020000028       0xa0 ./Core/Src/eth.o
                0x0000000020000028                DMARxDscrTab
 .bss.DMATxDscrTab
                0x00000000200000c8       0xa0 ./Core/Src/eth.o
                0x00000000200000c8                DMATxDscrTab
 .bss.TxConfig  0x0000000020000168       0x38 ./Core/Src/eth.o
                0x0000000020000168                TxConfig
 .bss.heth      0x00000000200001a0       0xb0 ./Core/Src/eth.o
                0x00000000200001a0                heth
 .bss.MACAddr.0
                0x0000000020000250        0x6 ./Core/Src/eth.o
 *fill*         0x0000000020000256        0x2 
 .bss.huart3    0x0000000020000258       0x44 ./Core/Src/usart.o
                0x0000000020000258                huart3
 .bss.hpcd_USB_OTG_FS
                0x000000002000029c      0x50c ./Core/Src/usb_otg.o
                0x000000002000029c                hpcd_USB_OTG_FS
 .bss.uwTick    0x00000000200007a8        0x4 ./Drivers/STM32F4xx_HAL_Driver/Src/stm32f4xx_hal.o
                0x00000000200007a8                uwTick
 *(COMMON)
                0x00000000200007ac                . = ALIGN (0x4)
                0x00000000200007ac                _ebss = .
                0x00000000200007ac                __bss_end__ = _ebss

._user_heap_stack
                0x00000000200007ac      0x604
                0x00000000200007b0                . = ALIGN (0x8)
 *fill*         0x00000000200007ac        0x4 
                [!provide]                        PROVIDE (end = .)
                0x00000000200007b0                PROVIDE (_end = .)
                0x00000000200009b0                . = (. + _Min_Heap_Size)
 *fill*         0x00000000200007b0      0x200 
                0x0000000020000db0                . = (. + _Min_Stack_Size)
 *fill*         0x00000000200009b0      0x400 
                0x0000000020000db0                . = ALIGN (0x8)

/DISCARD/
 libc.a(*)
 libm.a(*)
 libgcc.a(*)

.ARM.attributes
                0x0000000000000000       0x30
 *(.ARM.attributes)
 .ARM.attributes
                0x0000000000000000       0x1e /opt/st/stm32cubeide_1.12.0/plugins/com.st.stm32cube.ide.mcu.externaltools.gnu-tools-for-stm32.10.3-2021.10.linux64_1.0.200.202301161003/tools/bin/../lib/gcc/arm-none-eabi/10.3.1/thumb/v7e-m+fp/hard/crti.o
 .ARM.attributes
                0x000000000000001e       0x34 /opt/st/stm32cubeide_1.12.0/plugins/com.st.stm32cube.ide.mcu.externaltools.gnu-tools-for-stm32.10.3-2021.10.linux64_1.0.200.202301161003/tools/bin/../lib/gcc/arm-none-eabi/10.3.1/thumb/v7e-m+fp/hard/crtbegin.o
 .ARM.attributes
                0x0000000000000052       0x34 ./Core/Src/eth.o
 .ARM.attributes
                0x0000000000000086       0x34 ./Core/Src/gpio.o
 .ARM.attributes
                0x00000000000000ba       0x34 ./Core/Src/main.o
 .ARM.attributes
                0x00000000000000ee       0x34 ./Core/Src/stm32f4xx_hal_msp.o
 .ARM.attributes
                0x0000000000000122       0x34 ./Core/Src/stm32f4xx_it.o
 .ARM.attributes
                0x0000000000000156       0x34 ./Core/Src/system_stm32f4xx.o
 .ARM.attributes
                0x000000000000018a       0x34 ./Core/Src/usart.o
 .ARM.attributes
                0x00000000000001be       0x34 ./Core/Src/usb_otg.o
 .ARM.attributes
                0x00000000000001f2       0x21 ./Core/Startup/startup_stm32f439zitx.o
 .ARM.attributes
                0x0000000000000213       0x34 ./Drivers/STM32F4xx_HAL_Driver/Src/stm32f4xx_hal.o
 .ARM.attributes
                0x0000000000000247       0x34 ./Drivers/STM32F4xx_HAL_Driver/Src/stm32f4xx_hal_cortex.o
 .ARM.attributes
                0x000000000000027b       0x34 ./Drivers/STM32F4xx_HAL_Driver/Src/stm32f4xx_hal_eth.o
 .ARM.attributes
                0x00000000000002af       0x34 ./Drivers/STM32F4xx_HAL_Driver/Src/stm32f4xx_hal_gpio.o
 .ARM.attributes
                0x00000000000002e3       0x34 ./Drivers/STM32F4xx_HAL_Driver/Src/stm32f4xx_hal_pcd.o
 .ARM.attributes
                0x0000000000000317       0x34 ./Drivers/STM32F4xx_HAL_Driver/Src/stm32f4xx_hal_rcc.o
 .ARM.attributes
                0x000000000000034b       0x34 ./Drivers/STM32F4xx_HAL_Driver/Src/stm32f4xx_hal_uart.o
 .ARM.attributes
                0x000000000000037f       0x34 ./Drivers/STM32F4xx_HAL_Driver/Src/stm32f4xx_ll_usb.o
 .ARM.attributes
                0x00000000000003b3       0x34 /opt/st/stm32cubeide_1.12.0/plugins/com.st.stm32cube.ide.mcu.externaltools.gnu-tools-for-stm32.10.3-2021.10.linux64_1.0.200.202301161003/tools/bin/../lib/gcc/arm-none-eabi/10.3.1/../../../../arm-none-eabi/lib/thumb/v7e-m+fp/hard/libc_nano.a(lib_a-init.o)
 .ARM.attributes
                0x00000000000003e7       0x34 /opt/st/stm32cubeide_1.12.0/plugins/com.st.stm32cube.ide.mcu.externaltools.gnu-tools-for-stm32.10.3-2021.10.linux64_1.0.200.202301161003/tools/bin/../lib/gcc/arm-none-eabi/10.3.1/../../../../arm-none-eabi/lib/thumb/v7e-m+fp/hard/libc_nano.a(lib_a-memset.o)
 .ARM.attributes
                0x000000000000041b       0x1e /opt/st/stm32cubeide_1.12.0/plugins/com.st.stm32cube.ide.mcu.externaltools.gnu-tools-for-stm32.10.3-2021.10.linux64_1.0.200.202301161003/tools/bin/../lib/gcc/arm-none-eabi/10.3.1/thumb/v7e-m+fp/hard/libgcc.a(_aeabi_uldivmod.o)
 .ARM.attributes
                0x0000000000000439       0x34 /opt/st/stm32cubeide_1.12.0/plugins/com.st.stm32cube.ide.mcu.externaltools.gnu-tools-for-stm32.10.3-2021.10.linux64_1.0.200.202301161003/tools/bin/../lib/gcc/arm-none-eabi/10.3.1/thumb/v7e-m+fp/hard/libgcc.a(_udivmoddi4.o)
 .ARM.attributes
                0x000000000000046d       0x1e /opt/st/stm32cubeide_1.12.0/plugins/com.st.stm32cube.ide.mcu.externaltools.gnu-tools-for-stm32.10.3-2021.10.linux64_1.0.200.202301161003/tools/bin/../lib/gcc/arm-none-eabi/10.3.1/thumb/v7e-m+fp/hard/libgcc.a(_dvmd_tls.o)
 .ARM.attributes
                0x000000000000048b       0x1e /opt/st/stm32cubeide_1.12.0/plugins/com.st.stm32cube.ide.mcu.externaltools.gnu-tools-for-stm32.10.3-2021.10.linux64_1.0.200.202301161003/tools/bin/../lib/gcc/arm-none-eabi/10.3.1/thumb/v7e-m+fp/hard/crtn.o
OUTPUT(NucleoF4Demo.elf elf32-littlearm)
LOAD linker stubs
LOAD /opt/st/stm32cubeide_1.12.0/plugins/com.st.stm32cube.ide.mcu.externaltools.gnu-tools-for-stm32.10.3-2021.10.linux64_1.0.200.202301161003/tools/bin/../lib/gcc/arm-none-eabi/10.3.1/../../../../arm-none-eabi/lib/thumb/v7e-m+fp/hard/libc.a
LOAD /opt/st/stm32cubeide_1.12.0/plugins/com.st.stm32cube.ide.mcu.externaltools.gnu-tools-for-stm32.10.3-2021.10.linux64_1.0.200.202301161003/tools/bin/../lib/gcc/arm-none-eabi/10.3.1/../../../../arm-none-eabi/lib/thumb/v7e-m+fp/hard/libm.a
LOAD /opt/st/stm32cubeide_1.12.0/plugins/com.st.stm32cube.ide.mcu.externaltools.gnu-tools-for-stm32.10.3-2021.10.linux64_1.0.200.202301161003/tools/bin/../lib/gcc/arm-none-eabi/10.3.1/thumb/v7e-m+fp/hard/libgcc.a

.debug_info     0x0000000000000000     0xe637
 .debug_info    0x0000000000000000      0xfd1 ./Core/Src/eth.o
 .debug_info    0x0000000000000fd1      0x501 ./Core/Src/gpio.o
 .debug_info    0x00000000000014d2      0x636 ./Core/Src/main.o
 .debug_info    0x0000000000001b08      0x2c4 ./Core/Src/stm32f4xx_hal_msp.o
 .debug_info    0x0000000000001dcc      0x121 ./Core/Src/stm32f4xx_it.o
 .debug_info    0x0000000000001eed      0x53f ./Core/Src/system_stm32f4xx.o
 .debug_info    0x000000000000242c      0x9bc ./Core/Src/usart.o
 .debug_info    0x0000000000002de8      0x9b1 ./Core/Src/usb_otg.o
 .debug_info    0x0000000000003799       0x22 ./Core/Startup/startup_stm32f439zitx.o
 .debug_info    0x00000000000037bb      0x9fa ./Drivers/STM32F4xx_HAL_Driver/Src/stm32f4xx_hal.o
 .debug_info    0x00000000000041b5      0xe57 ./Drivers/STM32F4xx_HAL_Driver/Src/stm32f4xx_hal_cortex.o
 .debug_info    0x000000000000500c     0x223b ./Drivers/STM32F4xx_HAL_Driver/Src/stm32f4xx_hal_eth.o
 .debug_info    0x0000000000007247      0x786 ./Drivers/STM32F4xx_HAL_Driver/Src/stm32f4xx_hal_gpio.o
 .debug_info    0x00000000000079cd     0x1695 ./Drivers/STM32F4xx_HAL_Driver/Src/stm32f4xx_hal_pcd.o
 .debug_info    0x0000000000009062      0x982 ./Drivers/STM32F4xx_HAL_Driver/Src/stm32f4xx_hal_rcc.o
 .debug_info    0x00000000000099e4     0x31bc ./Drivers/STM32F4xx_HAL_Driver/Src/stm32f4xx_hal_uart.o
 .debug_info    0x000000000000cba0     0x1a97 ./Drivers/STM32F4xx_HAL_Driver/Src/stm32f4xx_ll_usb.o

.debug_abbrev   0x0000000000000000     0x2069
 .debug_abbrev  0x0000000000000000      0x23c ./Core/Src/eth.o
 .debug_abbrev  0x000000000000023c      0x146 ./Core/Src/gpio.o
 .debug_abbrev  0x0000000000000382      0x1e1 ./Core/Src/main.o
 .debug_abbrev  0x0000000000000563       0xd4 ./Core/Src/stm32f4xx_hal_msp.o
 .debug_abbrev  0x0000000000000637       0x74 ./Core/Src/stm32f4xx_it.o
 .debug_abbrev  0x00000000000006ab      0x116 ./Core/Src/system_stm32f4xx.o
 .debug_abbrev  0x00000000000007c1      0x1e7 ./Core/Src/usart.o
 .debug_abbrev  0x00000000000009a8      0x206 ./Core/Src/usb_otg.o
 .debug_abbrev  0x0000000000000bae       0x12 ./Core/Startup/startup_stm32f439zitx.o
 .debug_abbrev  0x0000000000000bc0      0x20d ./Drivers/STM32F4xx_HAL_Driver/Src/stm32f4xx_hal.o
 .debug_abbrev  0x0000000000000dcd      0x316 ./Drivers/STM32F4xx_HAL_Driver/Src/stm32f4xx_hal_cortex.o
 .debug_abbrev  0x00000000000010e3      0x2d3 ./Drivers/STM32F4xx_HAL_Driver/Src/stm32f4xx_hal_eth.o
 .debug_abbrev  0x00000000000013b6      0x1c4 ./Drivers/STM32F4xx_HAL_Driver/Src/stm32f4xx_hal_gpio.o
 .debug_abbrev  0x000000000000157a      0x2bb ./Drivers/STM32F4xx_HAL_Driver/Src/stm32f4xx_hal_pcd.o
 .debug_abbrev  0x0000000000001835      0x2aa ./Drivers/STM32F4xx_HAL_Driver/Src/stm32f4xx_hal_rcc.o
 .debug_abbrev  0x0000000000001adf      0x2f4 ./Drivers/STM32F4xx_HAL_Driver/Src/stm32f4xx_hal_uart.o
 .debug_abbrev  0x0000000000001dd3      0x296 ./Drivers/STM32F4xx_HAL_Driver/Src/stm32f4xx_ll_usb.o

.debug_aranges  0x0000000000000000      0xb70
 .debug_aranges
                0x0000000000000000       0x30 ./Core/Src/eth.o
 .debug_aranges
                0x0000000000000030       0x20 ./Core/Src/gpio.o
 .debug_aranges
                0x0000000000000050       0x30 ./Core/Src/main.o
 .debug_aranges
                0x0000000000000080       0x20 ./Core/Src/stm32f4xx_hal_msp.o
 .debug_aranges
                0x00000000000000a0       0x60 ./Core/Src/stm32f4xx_it.o
 .debug_aranges
                0x0000000000000100       0x28 ./Core/Src/system_stm32f4xx.o
 .debug_aranges
                0x0000000000000128       0x30 ./Core/Src/usart.o
 .debug_aranges
                0x0000000000000158       0x30 ./Core/Src/usb_otg.o
 .debug_aranges
                0x0000000000000188       0x28 ./Core/Startup/startup_stm32f439zitx.o
 .debug_aranges
                0x00000000000001b0      0x100 ./Drivers/STM32F4xx_HAL_Driver/Src/stm32f4xx_hal.o
 .debug_aranges
                0x00000000000002b0      0x118 ./Drivers/STM32F4xx_HAL_Driver/Src/stm32f4xx_hal_cortex.o
 .debug_aranges
                0x00000000000003c8      0x1e0 ./Drivers/STM32F4xx_HAL_Driver/Src/stm32f4xx_hal_eth.o
 .debug_aranges
                0x00000000000005a8       0x58 ./Drivers/STM32F4xx_HAL_Driver/Src/stm32f4xx_hal_gpio.o
 .debug_aranges
                0x0000000000000600      0x148 ./Drivers/STM32F4xx_HAL_Driver/Src/stm32f4xx_hal_pcd.o
 .debug_aranges
                0x0000000000000748       0x88 ./Drivers/STM32F4xx_HAL_Driver/Src/stm32f4xx_hal_rcc.o
 .debug_aranges
                0x00000000000007d0      0x200 ./Drivers/STM32F4xx_HAL_Driver/Src/stm32f4xx_hal_uart.o
 .debug_aranges
                0x00000000000009d0      0x1a0 ./Drivers/STM32F4xx_HAL_Driver/Src/stm32f4xx_ll_usb.o

.debug_ranges   0x0000000000000000      0xa98
 .debug_ranges  0x0000000000000000       0x20 ./Core/Src/eth.o
 .debug_ranges  0x0000000000000020       0x10 ./Core/Src/gpio.o
 .debug_ranges  0x0000000000000030       0x20 ./Core/Src/main.o
 .debug_ranges  0x0000000000000050       0x10 ./Core/Src/stm32f4xx_hal_msp.o
 .debug_ranges  0x0000000000000060       0x50 ./Core/Src/stm32f4xx_it.o
 .debug_ranges  0x00000000000000b0       0x18 ./Core/Src/system_stm32f4xx.o
 .debug_ranges  0x00000000000000c8       0x20 ./Core/Src/usart.o
 .debug_ranges  0x00000000000000e8       0x20 ./Core/Src/usb_otg.o
 .debug_ranges  0x0000000000000108       0x20 ./Core/Startup/startup_stm32f439zitx.o
 .debug_ranges  0x0000000000000128       0xf0 ./Drivers/STM32F4xx_HAL_Driver/Src/stm32f4xx_hal.o
 .debug_ranges  0x0000000000000218      0x108 ./Drivers/STM32F4xx_HAL_Driver/Src/stm32f4xx_hal_cortex.o
 .debug_ranges  0x0000000000000320      0x1d0 ./Drivers/STM32F4xx_HAL_Driver/Src/stm32f4xx_hal_eth.o
 .debug_ranges  0x00000000000004f0       0x48 ./Drivers/STM32F4xx_HAL_Driver/Src/stm32f4xx_hal_gpio.o
 .debug_ranges  0x0000000000000538      0x138 ./Drivers/STM32F4xx_HAL_Driver/Src/stm32f4xx_hal_pcd.o
 .debug_ranges  0x0000000000000670       0x78 ./Drivers/STM32F4xx_HAL_Driver/Src/stm32f4xx_hal_rcc.o
 .debug_ranges  0x00000000000006e8      0x220 ./Drivers/STM32F4xx_HAL_Driver/Src/stm32f4xx_hal_uart.o
 .debug_ranges  0x0000000000000908      0x190 ./Drivers/STM32F4xx_HAL_Driver/Src/stm32f4xx_ll_usb.o

.debug_macro    0x0000000000000000    0x24a15
 .debug_macro   0x0000000000000000      0x2cf ./Core/Src/eth.o
 .debug_macro   0x00000000000002cf      0xa78 ./Core/Src/eth.o
 .debug_macro   0x0000000000000d47      0x2a1 ./Core/Src/eth.o
 .debug_macro   0x0000000000000fe8       0x2e ./Core/Src/eth.o
 .debug_macro   0x0000000000001016       0x28 ./Core/Src/eth.o
 .debug_macro   0x000000000000103e       0x22 ./Core/Src/eth.o
 .debug_macro   0x0000000000001060       0x8e ./Core/Src/eth.o
 .debug_macro   0x00000000000010ee       0x51 ./Core/Src/eth.o
 .debug_macro   0x000000000000113f      0x103 ./Core/Src/eth.o
 .debug_macro   0x0000000000001242       0x6a ./Core/Src/eth.o
 .debug_macro   0x00000000000012ac      0x1df ./Core/Src/eth.o
 .debug_macro   0x000000000000148b       0x1c ./Core/Src/eth.o
 .debug_macro   0x00000000000014a7       0x22 ./Core/Src/eth.o
 .debug_macro   0x00000000000014c9       0xd9 ./Core/Src/eth.o
 .debug_macro   0x00000000000015a2     0x102d ./Core/Src/eth.o
 .debug_macro   0x00000000000025cf      0x11f ./Core/Src/eth.o
 .debug_macro   0x00000000000026ee    0x1860a ./Core/Src/eth.o
 .debug_macro   0x000000000001acf8       0x6d ./Core/Src/eth.o
 .debug_macro   0x000000000001ad65     0x36f5 ./Core/Src/eth.o
 .debug_macro   0x000000000001e45a      0x174 ./Core/Src/eth.o
 .debug_macro   0x000000000001e5ce       0x5c ./Core/Src/eth.o
 .debug_macro   0x000000000001e62a      0xd15 ./Core/Src/eth.o
 .debug_macro   0x000000000001f33f      0x9fe ./Core/Src/eth.o
 .debug_macro   0x000000000001fd3d      0x115 ./Core/Src/eth.o
 .debug_macro   0x000000000001fe52      0x156 ./Core/Src/eth.o
 .debug_macro   0x000000000001ffa8       0xa5 ./Core/Src/eth.o
 .debug_macro   0x000000000002004d      0x182 ./Core/Src/eth.o
 .debug_macro   0x00000000000201cf      0x287 ./Core/Src/eth.o
 .debug_macro   0x0000000000020456       0x5f ./Core/Src/eth.o
 .debug_macro   0x00000000000204b5      0x236 ./Core/Src/eth.o
 .debug_macro   0x00000000000206eb      0xd44 ./Core/Src/eth.o
 .debug_macro   0x000000000002142f      0x132 ./Core/Src/eth.o
 .debug_macro   0x0000000000021561      0x41d ./Core/Src/eth.o
 .debug_macro   0x000000000002197e       0x2e ./Core/Src/eth.o
 .debug_macro   0x00000000000219ac      0x11a ./Core/Src/eth.o
 .debug_macro   0x0000000000021ac6       0xe2 ./Core/Src/eth.o
 .debug_macro   0x0000000000021ba8       0x89 ./Core/Src/eth.o
 .debug_macro   0x0000000000021c31      0x295 ./Core/Src/eth.o
 .debug_macro   0x0000000000021ec6      0x248 ./Core/Src/eth.o
 .debug_macro   0x000000000002210e       0xba ./Core/Src/eth.o
 .debug_macro   0x00000000000221c8      0x134 ./Core/Src/eth.o
 .debug_macro   0x00000000000222fc      0x130 ./Core/Src/eth.o
 .debug_macro   0x000000000002242c       0x52 ./Core/Src/eth.o
 .debug_macro   0x000000000002247e       0x1e ./Core/Src/eth.o
 .debug_macro   0x000000000002249c       0x3c ./Core/Src/eth.o
 .debug_macro   0x00000000000224d8       0x34 ./Core/Src/eth.o
 .debug_macro   0x000000000002250c       0x16 ./Core/Src/eth.o
 .debug_macro   0x0000000000022522       0x43 ./Core/Src/eth.o
 .debug_macro   0x0000000000022565       0x34 ./Core/Src/eth.o
 .debug_macro   0x0000000000022599       0x10 ./Core/Src/eth.o
 .debug_macro   0x00000000000225a9       0x58 ./Core/Src/eth.o
 .debug_macro   0x0000000000022601       0x71 ./Core/Src/eth.o
 .debug_macro   0x0000000000022672       0x1c ./Core/Src/eth.o
 .debug_macro   0x000000000002268e      0x12a ./Core/Src/eth.o
 .debug_macro   0x00000000000227b8      0x341 ./Core/Src/eth.o
 .debug_macro   0x0000000000022af9       0x10 ./Core/Src/eth.o
 .debug_macro   0x0000000000022b09       0x35 ./Core/Src/eth.o
 .debug_macro   0x0000000000022b3e       0x20 ./Core/Src/eth.o
 .debug_macro   0x0000000000022b5e      0x201 ./Core/Src/gpio.o
 .debug_macro   0x0000000000022d5f      0x223 ./Core/Src/main.o
 .debug_macro   0x0000000000022f82      0x1f7 ./Core/Src/stm32f4xx_hal_msp.o
 .debug_macro   0x0000000000023179      0x201 ./Core/Src/stm32f4xx_it.o
 .debug_macro   0x000000000002337a      0x1e8 ./Core/Src/system_stm32f4xx.o
 .debug_macro   0x0000000000023562      0x201 ./Core/Src/usart.o
 .debug_macro   0x0000000000023763      0x201 ./Core/Src/usb_otg.o
 .debug_macro   0x0000000000023964      0x248 ./Drivers/STM32F4xx_HAL_Driver/Src/stm32f4xx_hal.o
 .debug_macro   0x0000000000023bac      0x1e8 ./Drivers/STM32F4xx_HAL_Driver/Src/stm32f4xx_hal_cortex.o
 .debug_macro   0x0000000000023d94      0x2c2 ./Drivers/STM32F4xx_HAL_Driver/Src/stm32f4xx_hal_eth.o
 .debug_macro   0x0000000000024056      0x1ee ./Drivers/STM32F4xx_HAL_Driver/Src/stm32f4xx_hal_gpio.o
 .debug_macro   0x0000000000024244      0x1f4 ./Drivers/STM32F4xx_HAL_Driver/Src/stm32f4xx_hal_pcd.o
 .debug_macro   0x0000000000024438      0x20c ./Drivers/STM32F4xx_HAL_Driver/Src/stm32f4xx_hal_rcc.o
 .debug_macro   0x0000000000024644      0x1e9 ./Drivers/STM32F4xx_HAL_Driver/Src/stm32f4xx_hal_uart.o
 .debug_macro   0x000000000002482d      0x1e8 ./Drivers/STM32F4xx_HAL_Driver/Src/stm32f4xx_ll_usb.o

.debug_line     0x0000000000000000     0xdd50
 .debug_line    0x0000000000000000      0x8d1 ./Core/Src/eth.o
 .debug_line    0x00000000000008d1      0x748 ./Core/Src/gpio.o
 .debug_line    0x0000000000001019      0x774 ./Core/Src/main.o
 .debug_line    0x000000000000178d      0x6cc ./Core/Src/stm32f4xx_hal_msp.o
 .debug_line    0x0000000000001e59      0x78f ./Core/Src/stm32f4xx_it.o
 .debug_line    0x00000000000025e8      0x74e ./Core/Src/system_stm32f4xx.o
 .debug_line    0x0000000000002d36      0x736 ./Core/Src/usart.o
 .debug_line    0x000000000000346c      0x749 ./Core/Src/usb_otg.o
 .debug_line    0x0000000000003bb5       0x88 ./Core/Startup/startup_stm32f439zitx.o
 .debug_line    0x0000000000003c3d      0x9ea ./Drivers/STM32F4xx_HAL_Driver/Src/stm32f4xx_hal.o
 .debug_line    0x0000000000004627      0xc63 ./Drivers/STM32F4xx_HAL_Driver/Src/stm32f4xx_hal_cortex.o
 .debug_line    0x000000000000528a     0x1925 ./Drivers/STM32F4xx_HAL_Driver/Src/stm32f4xx_hal_eth.o
 .debug_line    0x0000000000006baf      0xb50 ./Drivers/STM32F4xx_HAL_Driver/Src/stm32f4xx_hal_gpio.o
 .debug_line    0x00000000000076ff     0x1457 ./Drivers/STM32F4xx_HAL_Driver/Src/stm32f4xx_hal_pcd.o
 .debug_line    0x0000000000008b56      0xd30 ./Drivers/STM32F4xx_HAL_Driver/Src/stm32f4xx_hal_rcc.o
 .debug_line    0x0000000000009886     0x2a59 ./Drivers/STM32F4xx_HAL_Driver/Src/stm32f4xx_hal_uart.o
 .debug_line    0x000000000000c2df     0x1a71 ./Drivers/STM32F4xx_HAL_Driver/Src/stm32f4xx_ll_usb.o

.debug_str      0x0000000000000000    0xdb79e
 .debug_str     0x0000000000000000    0xd7535 ./Core/Src/eth.o
                                      0xd7842 (size before relaxing)
 .debug_str     0x00000000000d7535       0x68 ./Core/Src/gpio.o
                                      0xd4360 (size before relaxing)
 .debug_str     0x00000000000d759d      0x1e1 ./Core/Src/main.o
                                      0xd451d (size before relaxing)
 .debug_str     0x00000000000d777e       0x2c ./Core/Src/stm32f4xx_hal_msp.o
                                      0xd4295 (size before relaxing)
 .debug_str     0x00000000000d77aa       0xc9 ./Core/Src/stm32f4xx_it.o
                                      0xd4208 (size before relaxing)
 .debug_str     0x00000000000d7873       0xdb ./Core/Src/system_stm32f4xx.o
                                      0xd3e84 (size before relaxing)
 .debug_str     0x00000000000d794e      0x41c ./Core/Src/usart.o
                                      0xd47f5 (size before relaxing)
 .debug_str     0x00000000000d7d6a      0x3a4 ./Core/Src/usb_otg.o
                                      0xd479b (size before relaxing)
 .debug_str     0x00000000000d810e       0x36 ./Core/Startup/startup_stm32f439zitx.o
                                         0x6f (size before relaxing)
 .debug_str     0x00000000000d8144      0xbb0 ./Drivers/STM32F4xx_HAL_Driver/Src/stm32f4xx_hal.o
                                      0xd4ab1 (size before relaxing)
 .debug_str     0x00000000000d8cf4      0x348 ./Drivers/STM32F4xx_HAL_Driver/Src/stm32f4xx_hal_cortex.o
                                      0xd4796 (size before relaxing)
 .debug_str     0x00000000000d903c     0x11ea ./Drivers/STM32F4xx_HAL_Driver/Src/stm32f4xx_hal_eth.o
                                      0xd5711 (size before relaxing)
 .debug_str     0x00000000000da226       0xce ./Drivers/STM32F4xx_HAL_Driver/Src/stm32f4xx_hal_gpio.o
                                      0xd3fff (size before relaxing)
 .debug_str     0x00000000000da2f4      0x802 ./Drivers/STM32F4xx_HAL_Driver/Src/stm32f4xx_hal_pcd.o
                                      0xd4933 (size before relaxing)
 .debug_str     0x00000000000daaf6      0x21f ./Drivers/STM32F4xx_HAL_Driver/Src/stm32f4xx_hal_rcc.o
                                      0xd42b8 (size before relaxing)
 .debug_str     0x00000000000dad15      0x64a ./Drivers/STM32F4xx_HAL_Driver/Src/stm32f4xx_hal_uart.o
                                      0xd4844 (size before relaxing)
 .debug_str     0x00000000000db35f      0x43f ./Drivers/STM32F4xx_HAL_Driver/Src/stm32f4xx_ll_usb.o
                                      0xd479b (size before relaxing)

.comment        0x0000000000000000       0x50
 .comment       0x0000000000000000       0x50 ./Core/Src/eth.o
                                         0x51 (size before relaxing)
 .comment       0x0000000000000050       0x51 ./Core/Src/gpio.o
 .comment       0x0000000000000050       0x51 ./Core/Src/main.o
 .comment       0x0000000000000050       0x51 ./Core/Src/stm32f4xx_hal_msp.o
 .comment       0x0000000000000050       0x51 ./Core/Src/stm32f4xx_it.o
 .comment       0x0000000000000050       0x51 ./Core/Src/system_stm32f4xx.o
 .comment       0x0000000000000050       0x51 ./Core/Src/usart.o
 .comment       0x0000000000000050       0x51 ./Core/Src/usb_otg.o
 .comment       0x0000000000000050       0x51 ./Drivers/STM32F4xx_HAL_Driver/Src/stm32f4xx_hal.o
 .comment       0x0000000000000050       0x51 ./Drivers/STM32F4xx_HAL_Driver/Src/stm32f4xx_hal_cortex.o
 .comment       0x0000000000000050       0x51 ./Drivers/STM32F4xx_HAL_Driver/Src/stm32f4xx_hal_eth.o
 .comment       0x0000000000000050       0x51 ./Drivers/STM32F4xx_HAL_Driver/Src/stm32f4xx_hal_gpio.o
 .comment       0x0000000000000050       0x51 ./Drivers/STM32F4xx_HAL_Driver/Src/stm32f4xx_hal_pcd.o
 .comment       0x0000000000000050       0x51 ./Drivers/STM32F4xx_HAL_Driver/Src/stm32f4xx_hal_rcc.o
 .comment       0x0000000000000050       0x51 ./Drivers/STM32F4xx_HAL_Driver/Src/stm32f4xx_hal_uart.o
 .comment       0x0000000000000050       0x51 ./Drivers/STM32F4xx_HAL_Driver/Src/stm32f4xx_ll_usb.o

.debug_frame    0x0000000000000000     0x2f08
 .debug_frame   0x0000000000000000       0x74 ./Core/Src/eth.o
 .debug_frame   0x0000000000000074       0x38 ./Core/Src/gpio.o
 .debug_frame   0x00000000000000ac       0x68 ./Core/Src/main.o
 .debug_frame   0x0000000000000114       0x38 ./Core/Src/stm32f4xx_hal_msp.o
 .debug_frame   0x000000000000014c      0x104 ./Core/Src/stm32f4xx_it.o
 .debug_frame   0x0000000000000250       0x58 ./Core/Src/system_stm32f4xx.o
 .debug_frame   0x00000000000002a8       0x74 ./Core/Src/usart.o
 .debug_frame   0x000000000000031c       0x74 ./Core/Src/usb_otg.o
 .debug_frame   0x0000000000000390      0x3b4 ./Drivers/STM32F4xx_HAL_Driver/Src/stm32f4xx_hal.o
 .debug_frame   0x0000000000000744      0x498 ./Drivers/STM32F4xx_HAL_Driver/Src/stm32f4xx_hal_cortex.o
 .debug_frame   0x0000000000000bdc      0x898 ./Drivers/STM32F4xx_HAL_Driver/Src/stm32f4xx_hal_eth.o
 .debug_frame   0x0000000000001474      0x14c ./Drivers/STM32F4xx_HAL_Driver/Src/stm32f4xx_hal_gpio.o
 .debug_frame   0x00000000000015c0      0x5bc ./Drivers/STM32F4xx_HAL_Driver/Src/stm32f4xx_hal_pcd.o
 .debug_frame   0x0000000000001b7c      0x1f4 ./Drivers/STM32F4xx_HAL_Driver/Src/stm32f4xx_hal_rcc.o
 .debug_frame   0x0000000000001d70      0x92c ./Drivers/STM32F4xx_HAL_Driver/Src/stm32f4xx_hal_uart.o
 .debug_frame   0x000000000000269c      0x7c0 ./Drivers/STM32F4xx_HAL_Driver/Src/stm32f4xx_ll_usb.o
 .debug_frame   0x0000000000002e5c       0x2c /opt/st/stm32cubeide_1.12.0/plugins/com.st.stm32cube.ide.mcu.externaltools.gnu-tools-for-stm32.10.3-2021.10.linux64_1.0.200.202301161003/tools/bin/../lib/gcc/arm-none-eabi/10.3.1/../../../../arm-none-eabi/lib/thumb/v7e-m+fp/hard/libc_nano.a(lib_a-init.o)
 .debug_frame   0x0000000000002e88       0x20 /opt/st/stm32cubeide_1.12.0/plugins/com.st.stm32cube.ide.mcu.externaltools.gnu-tools-for-stm32.10.3-2021.10.linux64_1.0.200.202301161003/tools/bin/../lib/gcc/arm-none-eabi/10.3.1/../../../../arm-none-eabi/lib/thumb/v7e-m+fp/hard/libc_nano.a(lib_a-memset.o)
 .debug_frame   0x0000000000002ea8       0x2c /opt/st/stm32cubeide_1.12.0/plugins/com.st.stm32cube.ide.mcu.externaltools.gnu-tools-for-stm32.10.3-2021.10.linux64_1.0.200.202301161003/tools/bin/../lib/gcc/arm-none-eabi/10.3.1/thumb/v7e-m+fp/hard/libgcc.a(_aeabi_uldivmod.o)
 .debug_frame   0x0000000000002ed4       0x34 /opt/st/stm32cubeide_1.12.0/plugins/com.st.stm32cube.ide.mcu.externaltools.gnu-tools-for-stm32.10.3-2021.10.linux64_1.0.200.202301161003/tools/bin/../lib/gcc/arm-none-eabi/10.3.1/thumb/v7e-m+fp/hard/libgcc.a(_udivmoddi4.o)
